../Core/Src/main.c:82:1:__io_putchar	16	static
../Core/Src/main.c:95:6:start_scan	8	static
../Core/Src/main.c:102:6:read_values	1040	static
../Core/Src/main.c:121:6:cal_sensor	8	static
../Core/Src/main.c:129:6:set_integration_time	24	static
../Core/Src/main.c:141:6:set_avg_count	24	static
../Core/Src/main.c:153:6:set_adc_data_rate	24	static
../Core/Src/main.c:165:6:set_adc_mode	24	static
../Core/Src/main.c:177:6:get_integration_time	8	static
../Core/Src/main.c:181:6:get_avg_count	8	static
../Core/Src/main.c:185:6:get_adc_data_rate	8	static
../Core/Src/main.c:189:6:get_adc_mode	8	static
../Core/Src/main.c:193:6:help	8	static
../Core/Src/main.c:230:6:HAL_UART_RxCpltCallback	32	static
../Core/Src/main.c:280:5:main	8	static
../Core/Src/main.c:329:6:SystemClock_Config	160	static
../Core/Src/main.c:379:13:MX_I2C3_Init	8	static
../Core/Src/main.c:427:13:MX_TIM1_Init	112	static
../Core/Src/main.c:506:13:MX_USART2_UART_Init	8	static
../Core/Src/main.c:541:13:MX_GPIO_Init	40	static
../Core/Src/main.c:595:6:Error_Handler	4	static,ignoring_inline_asm
